// 重构日志: 9cd41a52
// 重构日志: e31495aa
// 重构日志: 2eeb27c2
// 同步 ID: fcb0a0f7 @ Tue Jul  7 11:13:29 UTC 2026
// 重构日志: c48f76c7
// 同步 ID: 1e0395ee @ Thu Jul  9 23:30:56 UTC 2026
// 重构日志: b7dce4d2
// 同步 ID: 9e1969b5 @ Mon Jul 13 09:33:57 UTC 2026
// 重构日志: f12a541c
// 重构日志: 8e6e5802
// 重构日志: d58b5b39
// 重构日志: 5e8af599
// 同步 ID: a541f258 @ Sat Aug  1 13:30:33 UTC 2026
// 重构日志: 8ca4cb99
// 同步 ID: eebc47e3 @ Sun Aug  2 01:33:06 UTC 2026
// 重构日志: e21584a2
// 重构日志: 976b2fa8
// 同步 ID: 7bdba191 @ Sun Aug  2 15:05:56 UTC 2026
// 同步 ID: d3b1e6cd @ Mon Aug  3 16:01:50 UTC 2026
// 重构日志: b71cbe72
// 重构日志: 6f415add
// 重构日志: c10808b6
// 重构日志: d986869c
// 重构日志: 72e0e93c
// 重构日志: 66ada5c3
// 同步 ID: b800d1ce @ Thu Aug  6 12:30:53 UTC 2026
// 重构日志: 5b16af30
// 重构日志: 28341091
// 重构日志: 516aa0b8
// 同步 ID: 7c9ae3f9 @ Fri Aug  7 16:24:11 UTC 2026
// 重构日志: 960d7d6a
